[    2048ms] [LOG] JQMIGRATE: Migrate is installed, version 3.4.1 @ http://stg.croix.asia/wp-includes/js/jquery/jquery-migrate.min.js?ver=3.4.1:1
[    3352ms] [WARNING] [Meta pixel] 666078689403801 is unavailable on this website due to it's traffic permission settings. Go to https://www.facebook.com/business/help/572690630080597 to learn more. @ https://connect.facebook.net/en_US/fbevents.js:181
[    3479ms] [ERROR] Failed to load resource: the server responded with a status of 404 () @ https://use.typekit.net/mbt8eig.js:0
[   10562ms] [LOG] JQMIGRATE: Migrate is installed, version 3.4.1 @ http://stg.croix.asia/wp-includes/js/jquery/jquery-migrate.min.js?ver=3.4.1:1
[   13923ms] [LOG] JQMIGRATE: Migrate is installed, version 3.4.1 @ http://stg.croix.asia/wp-includes/js/jquery/jquery-migrate.min.js?ver=3.4.1:1
[   24457ms] [LOG] JQMIGRATE: Migrate is installed, version 3.4.1 @ http://stg.croix.asia/wp-includes/js/jquery/jquery-migrate.min.js?ver=3.4.1:1
[   27487ms] [ERROR] Access to font at 'https://fonts.gstatic.com/ea/notosansjapanese/v6/NotoSansJP-DemiLight.woff2' from origin 'https://croix.asia' has been blocked by CORS policy: No 'Access-Control-Allow-Origin' header is present on the requested resource. @ https://croix.asia/2025/05/30/nemcaro/:0
[   27487ms] [ERROR] Failed to load resource: net::ERR_FAILED @ https://fonts.gstatic.com/ea/notosansjapanese/v6/NotoSansJP-DemiLight.woff2:0
[   27536ms] [ERROR] Access to font at 'https://fonts.gstatic.com/ea/notosansjapanese/v6/NotoSansJP-Medium.woff2' from origin 'https://croix.asia' has been blocked by CORS policy: No 'Access-Control-Allow-Origin' header is present on the requested resource. @ https://croix.asia/2025/05/30/nemcaro/:0
[   27536ms] [ERROR] Failed to load resource: net::ERR_FAILED @ https://fonts.gstatic.com/ea/notosansjapanese/v6/NotoSansJP-Medium.woff2:0
[   27544ms] [ERROR] Access to font at 'https://fonts.gstatic.com/ea/notosansjapanese/v6/NotoSansJP-Regular.woff2' from origin 'https://croix.asia' has been blocked by CORS policy: No 'Access-Control-Allow-Origin' header is present on the requested resource. @ https://croix.asia/2025/05/30/nemcaro/:0
[   27544ms] [ERROR] Failed to load resource: net::ERR_FAILED @ https://fonts.gstatic.com/ea/notosansjapanese/v6/NotoSansJP-Regular.woff2:0
[   27544ms] [ERROR] Access to font at 'https://fonts.gstatic.com/ea/notosansjapanese/v6/NotoSansJP-DemiLight.woff' from origin 'https://croix.asia' has been blocked by CORS policy: No 'Access-Control-Allow-Origin' header is present on the requested resource. @ https://croix.asia/2025/05/30/nemcaro/:0
[   27544ms] [ERROR] Failed to load resource: net::ERR_FAILED @ https://fonts.gstatic.com/ea/notosansjapanese/v6/NotoSansJP-DemiLight.woff:0
[   27617ms] [ERROR] Access to font at 'https://fonts.gstatic.com/ea/notosansjapanese/v6/NotoSansJP-Regular.woff' from origin 'https://croix.asia' has been blocked by CORS policy: No 'Access-Control-Allow-Origin' header is present on the requested resource. @ https://croix.asia/2025/05/30/nemcaro/:0
[   27618ms] [ERROR] Failed to load resource: net::ERR_FAILED @ https://fonts.gstatic.com/ea/notosansjapanese/v6/NotoSansJP-Regular.woff:0
[   27618ms] [ERROR] Access to font at 'https://fonts.gstatic.com/ea/notosansjapanese/v6/NotoSansJP-DemiLight.otf' from origin 'https://croix.asia' has been blocked by CORS policy: No 'Access-Control-Allow-Origin' header is present on the requested resource. @ https://croix.asia/2025/05/30/nemcaro/:0
[   27618ms] [ERROR] Failed to load resource: net::ERR_FAILED @ https://fonts.gstatic.com/ea/notosansjapanese/v6/NotoSansJP-DemiLight.otf:0
[   27761ms] [ERROR] Access to font at 'https://fonts.gstatic.com/ea/notosansjapanese/v6/NotoSansJP-Regular.otf' from origin 'https://croix.asia' has been blocked by CORS policy: No 'Access-Control-Allow-Origin' header is present on the requested resource. @ https://croix.asia/2025/05/30/nemcaro/:0
[   27761ms] [ERROR] Failed to load resource: net::ERR_FAILED @ https://fonts.gstatic.com/ea/notosansjapanese/v6/NotoSansJP-Regular.otf:0
[   27820ms] [ERROR] Failed to load resource: the server responded with a status of 404 () @ https://use.typekit.net/mbt8eig.js:0
[   27897ms] [WARNING] [Meta pixel] 666078689403801 is unavailable on this website due to it's traffic permission settings. Go to https://www.facebook.com/business/help/572690630080597 to learn more. @ https://connect.facebook.net/en_US/fbevents.js:181
[   40454ms] [LOG] JQMIGRATE: Migrate is installed, version 3.4.1 @ http://stg.croix.asia/wp-includes/js/jquery/jquery-migrate.min.js?ver=3.4.1:1
[   46068ms] [LOG] JQMIGRATE: Migrate is installed, version 3.4.1 @ http://stg.croix.asia/wp-includes/js/jquery/jquery-migrate.min.js?ver=3.4.1:1
[   56199ms] [LOG] JQMIGRATE: Migrate is installed, version 3.4.1 @ http://stg.croix.asia/wp-includes/js/jquery/jquery-migrate.min.js?ver=3.4.1:1
[   58418ms] [ERROR] Access to font at 'https://fonts.gstatic.com/ea/notosansjapanese/v6/NotoSansJP-Medium.woff2' from origin 'https://croix.asia' has been blocked by CORS policy: No 'Access-Control-Allow-Origin' header is present on the requested resource. @ https://croix.asia/2025/11/28/croix-studyjam/:0
[   58418ms] [ERROR] Failed to load resource: net::ERR_FAILED @ https://fonts.gstatic.com/ea/notosansjapanese/v6/NotoSansJP-Medium.woff2:0
[   58483ms] [ERROR] Access to font at 'https://fonts.gstatic.com/ea/notosansjapanese/v6/NotoSansJP-Medium.woff' from origin 'https://croix.asia' has been blocked by CORS policy: No 'Access-Control-Allow-Origin' header is present on the requested resource. @ https://croix.asia/2025/11/28/croix-studyjam/:0
[   58483ms] [ERROR] Failed to load resource: net::ERR_FAILED @ https://fonts.gstatic.com/ea/notosansjapanese/v6/NotoSansJP-Medium.woff:0
[   58501ms] [ERROR] Failed to load resource: the server responded with a status of 404 () @ https://use.typekit.net/mbt8eig.js:0
[   58679ms] [ERROR] Access to font at 'https://fonts.gstatic.com/ea/notosansjapanese/v6/NotoSansJP-Medium.otf' from origin 'https://croix.asia' has been blocked by CORS policy: No 'Access-Control-Allow-Origin' header is present on the requested resource. @ https://croix.asia/2025/11/28/croix-studyjam/:0
[   58679ms] [ERROR] Failed to load resource: net::ERR_FAILED @ https://fonts.gstatic.com/ea/notosansjapanese/v6/NotoSansJP-Medium.otf:0
[   58862ms] [WARNING] [Meta pixel] 666078689403801 is unavailable on this website due to it's traffic permission settings. Go to https://www.facebook.com/business/help/572690630080597 to learn more. @ https://connect.facebook.net/en_US/fbevents.js:181
[   89585ms] [ERROR] Access to font at 'https://fonts.gstatic.com/ea/notosansjapanese/v6/NotoSansJP-Medium.woff2' from origin 'https://croix.asia' has been blocked by CORS policy: No 'Access-Control-Allow-Origin' header is present on the requested resource. @ https://croix.asia/2025/03/21/relaxest_ebisu/:0
[   89585ms] [ERROR] Failed to load resource: net::ERR_FAILED @ https://fonts.gstatic.com/ea/notosansjapanese/v6/NotoSansJP-Medium.woff2:0
[   89661ms] [ERROR] Access to font at 'https://fonts.gstatic.com/ea/notosansjapanese/v6/NotoSansJP-Medium.woff' from origin 'https://croix.asia' has been blocked by CORS policy: No 'Access-Control-Allow-Origin' header is present on the requested resource. @ https://croix.asia/2025/03/21/relaxest_ebisu/:0
[   89661ms] [ERROR] Failed to load resource: net::ERR_FAILED @ https://fonts.gstatic.com/ea/notosansjapanese/v6/NotoSansJP-Medium.woff:0
[   89726ms] [ERROR] Access to font at 'https://fonts.gstatic.com/ea/notosansjapanese/v6/NotoSansJP-Medium.otf' from origin 'https://croix.asia' has been blocked by CORS policy: No 'Access-Control-Allow-Origin' header is present on the requested resource. @ https://croix.asia/2025/03/21/relaxest_ebisu/:0
[   89726ms] [ERROR] Failed to load resource: net::ERR_FAILED @ https://fonts.gstatic.com/ea/notosansjapanese/v6/NotoSansJP-Medium.otf:0
[   89814ms] [WARNING] [Meta pixel] 666078689403801 is unavailable on this website due to it's traffic permission settings. Go to https://www.facebook.com/business/help/572690630080597 to learn more. @ https://connect.facebook.net/en_US/fbevents.js:181
[   90265ms] [ERROR] Failed to load resource: the server responded with a status of 404 () @ https://use.typekit.net/mbt8eig.js:0
