[    1581ms] [LOG] JQMIGRATE: Migrate is installed, version 3.4.1 @ http://stg.croix.asia/wp-includes/js/jquery/jquery-migrate.min.js?ver=3.4.1:1
[    2304ms] [ERROR] Access to font at 'https://fonts.gstatic.com/s/roboto/v48/KFO7CnqEu92Fr1ME7kSn66aGLdTylUAMa3yUBHMdazQ.woff2' from origin 'https://www.youtube.com' has been blocked by CORS policy: Request header field authorization is not allowed by Access-Control-Allow-Headers in preflight response. @ https://www.youtube.com/embed/lWgedbAmiYY?si=egmjEzBciydwF-SH:0
[    2304ms] [ERROR] Failed to load resource: net::ERR_FAILED @ https://fonts.gstatic.com/s/roboto/v48/KFO7CnqEu92Fr1ME7kSn66aGLdTylUAMa3yUBHMdazQ.woff2:0
[   41255ms] [ERROR] Access to fetch at 'https://www.gstatic.com/youtube/img/icons/mweb/youtube_fill/logo/v2/67px.svg' from origin 'https://www.youtube.com' has been blocked by CORS policy: Request header field authorization is not allowed by Access-Control-Allow-Headers in preflight response. @ https://www.youtube.com/embed/lWgedbAmiYY?si=egmjEzBciydwF-SH:0
[   41255ms] [ERROR] Failed to load resource: net::ERR_FAILED @ https://www.gstatic.com/youtube/img/icons/mweb/youtube_fill/logo/v2/67px.svg:0
[   41310ms] [ERROR] Access to fetch at 'https://www.gstatic.com/youtube/img/icons/mweb/youtube_fill/logo/v2/67px.svg' from origin 'https://www.youtube.com' has been blocked by CORS policy: Request header field authorization is not allowed by Access-Control-Allow-Headers in preflight response. @ https://www.youtube.com/embed/lWgedbAmiYY?si=egmjEzBciydwF-SH:0
[   41310ms] [ERROR] Failed to load resource: net::ERR_FAILED @ https://www.gstatic.com/youtube/img/icons/mweb/youtube_fill/logo/v2/67px.svg:0
[   41358ms] [ERROR] Access to fetch at 'https://www.gstatic.com/youtube/img/icons/mweb/youtube_fill/logo/v2/67px.svg' from origin 'https://www.youtube.com' has been blocked by CORS policy: Request header field authorization is not allowed by Access-Control-Allow-Headers in preflight response. @ https://www.youtube.com/embed/lWgedbAmiYY?si=egmjEzBciydwF-SH:0
[   41358ms] [ERROR] Failed to load resource: net::ERR_FAILED @ https://www.gstatic.com/youtube/img/icons/mweb/youtube_fill/logo/v2/67px.svg:0
[   41425ms] [ERROR] Access to image at 'https://www.gstatic.com/youtube/img/icons/mweb/youtube_fill/logo/v2/67px.svg' from origin 'https://www.youtube.com' has been blocked by CORS policy: Request header field authorization is not allowed by Access-Control-Allow-Headers in preflight response. @ https://www.youtube.com/embed/lWgedbAmiYY?si=egmjEzBciydwF-SH:0
[   41425ms] [ERROR] Failed to load resource: net::ERR_FAILED @ https://www.gstatic.com/youtube/img/icons/mweb/youtube_fill/logo/v2/67px.svg:0
[    2304ms] [ERROR] Access to font at 'https://fonts.gstatic.com/s/roboto/v48/KFO7CnqEu92Fr1ME7kSn66aGLdTylUAMa3yUBHMdazQ.woff2' from origin 'https://www.youtube.com' has been blocked by CORS policy: Request header field authorization is not allowed by Access-Control-Allow-Headers in preflight response. @ https://www.youtube.com/embed/lWgedbAmiYY?si=egmjEzBciydwF-SH:0
[    2304ms] [ERROR] Failed to load resource: net::ERR_FAILED @ https://fonts.gstatic.com/s/roboto/v48/KFO7CnqEu92Fr1ME7kSn66aGLdTylUAMa3yUBHMdazQ.woff2:0
[   41255ms] [ERROR] Access to fetch at 'https://www.gstatic.com/youtube/img/icons/mweb/youtube_fill/logo/v2/67px.svg' from origin 'https://www.youtube.com' has been blocked by CORS policy: Request header field authorization is not allowed by Access-Control-Allow-Headers in preflight response. @ https://www.youtube.com/embed/lWgedbAmiYY?si=egmjEzBciydwF-SH:0
[   41255ms] [ERROR] Failed to load resource: net::ERR_FAILED @ https://www.gstatic.com/youtube/img/icons/mweb/youtube_fill/logo/v2/67px.svg:0
[   41310ms] [ERROR] Access to fetch at 'https://www.gstatic.com/youtube/img/icons/mweb/youtube_fill/logo/v2/67px.svg' from origin 'https://www.youtube.com' has been blocked by CORS policy: Request header field authorization is not allowed by Access-Control-Allow-Headers in preflight response. @ https://www.youtube.com/embed/lWgedbAmiYY?si=egmjEzBciydwF-SH:0
[   41310ms] [ERROR] Failed to load resource: net::ERR_FAILED @ https://www.gstatic.com/youtube/img/icons/mweb/youtube_fill/logo/v2/67px.svg:0
[   41358ms] [ERROR] Access to fetch at 'https://www.gstatic.com/youtube/img/icons/mweb/youtube_fill/logo/v2/67px.svg' from origin 'https://www.youtube.com' has been blocked by CORS policy: Request header field authorization is not allowed by Access-Control-Allow-Headers in preflight response. @ https://www.youtube.com/embed/lWgedbAmiYY?si=egmjEzBciydwF-SH:0
[   41358ms] [ERROR] Failed to load resource: net::ERR_FAILED @ https://www.gstatic.com/youtube/img/icons/mweb/youtube_fill/logo/v2/67px.svg:0
[   41425ms] [ERROR] Access to image at 'https://www.gstatic.com/youtube/img/icons/mweb/youtube_fill/logo/v2/67px.svg' from origin 'https://www.youtube.com' has been blocked by CORS policy: Request header field authorization is not allowed by Access-Control-Allow-Headers in preflight response. @ https://www.youtube.com/embed/lWgedbAmiYY?si=egmjEzBciydwF-SH:0
[   41425ms] [ERROR] Failed to load resource: net::ERR_FAILED @ https://www.gstatic.com/youtube/img/icons/mweb/youtube_fill/logo/v2/67px.svg:0
[   42852ms] [ERROR] Access to font at 'https://fonts.gstatic.com/s/roboto/v48/KFO7CnqEu92Fr1ME7kSn66aGLdTylUAMa3yUBHMdazQ.woff2' from origin 'https://www.youtube.com' has been blocked by CORS policy: Request header field authorization is not allowed by Access-Control-Allow-Headers in preflight response. @ https://www.youtube.com/embed/kmnMncstjcQ?si=7v_nfFHe1Sua_bTT:0
[   42852ms] [ERROR] Failed to load resource: net::ERR_FAILED @ https://fonts.gstatic.com/s/roboto/v48/KFO7CnqEu92Fr1ME7kSn66aGLdTylUAMa3yUBHMdazQ.woff2:0
[   43400ms] [ERROR] Access to fetch at 'https://www.gstatic.com/youtube/img/icons/mweb/youtube_fill/logo/v2/67px.svg' from origin 'https://www.youtube.com' has been blocked by CORS policy: Request header field authorization is not allowed by Access-Control-Allow-Headers in preflight response. @ https://www.youtube.com/embed/kmnMncstjcQ?si=7v_nfFHe1Sua_bTT:0
[   43401ms] [ERROR] Failed to load resource: net::ERR_FAILED @ https://www.gstatic.com/youtube/img/icons/mweb/youtube_fill/logo/v2/67px.svg:0
[   43445ms] [ERROR] Access to fetch at 'https://www.gstatic.com/youtube/img/icons/mweb/youtube_fill/logo/v2/67px.svg' from origin 'https://www.youtube.com' has been blocked by CORS policy: Request header field authorization is not allowed by Access-Control-Allow-Headers in preflight response. @ https://www.youtube.com/embed/kmnMncstjcQ?si=7v_nfFHe1Sua_bTT:0
[   43445ms] [ERROR] Failed to load resource: net::ERR_FAILED @ https://www.gstatic.com/youtube/img/icons/mweb/youtube_fill/logo/v2/67px.svg:0
[   43492ms] [ERROR] Access to fetch at 'https://www.gstatic.com/youtube/img/icons/mweb/youtube_fill/logo/v2/67px.svg' from origin 'https://www.youtube.com' has been blocked by CORS policy: Request header field authorization is not allowed by Access-Control-Allow-Headers in preflight response. @ https://www.youtube.com/embed/kmnMncstjcQ?si=7v_nfFHe1Sua_bTT:0
[   43492ms] [ERROR] Failed to load resource: net::ERR_FAILED @ https://www.gstatic.com/youtube/img/icons/mweb/youtube_fill/logo/v2/67px.svg:0
[   43550ms] [ERROR] Access to image at 'https://www.gstatic.com/youtube/img/icons/mweb/youtube_fill/logo/v2/67px.svg' from origin 'https://www.youtube.com' has been blocked by CORS policy: Request header field authorization is not allowed by Access-Control-Allow-Headers in preflight response. @ https://www.youtube.com/embed/kmnMncstjcQ?si=7v_nfFHe1Sua_bTT:0
[   43550ms] [ERROR] Failed to load resource: net::ERR_FAILED @ https://www.gstatic.com/youtube/img/icons/mweb/youtube_fill/logo/v2/67px.svg:0
